// Jest Snapshot v1, https://goo.gl/fbAQLP

exports[`EditorPage should render the editor page 1`] = `
<div
  className="editorPage"
>
  <header>
    <h1>
      Flight Planner
    </h1>
  </header>
  <section
    className="editorMapContainer"
  >
    <Map
      className="editorMap"
      viewOptions={
        Object {
          "center": Array [
            731202.0752756175,
            5863832.126542759,
          ],
          "zoom": 17,
        }
      }
    />
  </section>
</div>
`;
