// Jest Snapshot v1, https://goo.gl/fbAQLP

exports[`EditorPage should render the editor page 1`] = `
<div
  className="editorPage"
>
  <Header
    className="pageHeader"
  >
    <Title
      level={1}
    >
      Flight Planner
    </Title>
  </Header>
  <Layout
    className="editorContent"
  >
    <header
      className="editorHeader"
    >
      <div />
      <div
        className="actionsContainer"
      >
        <DefaultActions
          onNew={[Function]}
        />
      </div>
    </header>
    <Layout>
      <Content>
        <MapMock
          center={
            Array [
              731202.0752756175,
              5863832.126542759,
            ]
          }
          className="editorMap"
          fitViewToFlightPlan={true}
          flightPlan={null}
          onClick={null}
          zoom={17}
        />
      </Content>
      <Sider
        width={250}
      >
        <FlightPlanList
          className="editorFlightList"
          currentId={null}
          flightPlans={Array []}
          loading={false}
          onRowClick={[Function]}
        />
      </Sider>
    </Layout>
  </Layout>
</div>
`;
